\BOOKMARK [1][-]{Doc-Start}{\376\377\000L\036\334\000I\000\040\000C\036\242\000M\000\040\001\240\000N}{}% 1
\BOOKMARK [1][-]{Doc-Start}{\376\377\000C\000A\000M\000\040\000K\036\276\000T\000\040\000C\000\324\000N\000G\000\040\000T\000R\000\314\000N\000H}{}% 2
\BOOKMARK [1][-]{Doc-Start}{\376\377\000T\000\323\000M\000\040\000T\036\256\000T}{}% 3
\BOOKMARK [0][-]{chapter.1}{\376\377\000G\000i\036\333\000i\000\040\000t\000h\000i\036\307\000u}{}% 4
\BOOKMARK [1][-]{section.1.1}{\376\377\000B\036\321\000i\000\040\000c\036\243\000n\000h\000\040\000v\000\340\000\040\001\021\036\331\000n\000g\000\040\000l\036\361\000c\000\040\000n\000g\000h\000i\000\352\000n\000\040\000c\036\351\000u}{chapter.1}% 5
\BOOKMARK [1][-]{section.1.2}{\376\377\000M\036\345\000c\000\040\000t\000i\000\352\000u\000\040\000n\000g\000h\000i\000\352\000n\000\040\000c\036\351\000u}{chapter.1}% 6
\BOOKMARK [1][-]{section.1.3}{\376\377\000P\000h\036\241\000m\000\040\000v\000i\000\040\000v\000\340\000\040\000g\000i\036\333\000i\000\040\000h\036\241\000n}{chapter.1}% 7
\BOOKMARK [1][-]{section.1.4}{\376\377\000C\036\245\000u\000\040\000t\000r\000\372\000c\000\040\000b\000\341\000o\000\040\000c\000\341\000o}{chapter.1}% 8
\BOOKMARK [0][-]{chapter.2}{\376\377\000C\001\241\000\040\000s\036\337\000\040\000l\000\375\000\040\000t\000h\000u\000y\036\277\000t}{}% 9
\BOOKMARK [1][-]{section.2.1}{\376\377\000K\000i\036\277\000n\000\040\000t\000r\000\372\000c\000\040\000m\036\241\000n\000g\000\040\000n\036\331\000i\000\040\000b\036\331\000\040\000\050\000L\000A\000N\000\040\000A\000r\000c\000h\000i\000t\000e\000c\000t\000u\000r\000e\000s\000\051}{chapter.2}% 10
\BOOKMARK [2][-]{subsection.2.1.1}{\376\377\000M\036\241\000n\000g\000\040\000p\000h\036\263\000n\000g\000\040\000\050\000F\000l\000a\000t\000\040\000N\000e\000t\000w\000o\000r\000k\000\051}{section.2.1}% 11
\BOOKMARK [2][-]{subsection.2.1.2}{\376\377\000M\036\241\000n\000g\000\040\0003\000\040\000l\036\333\000p\000\040\000t\000r\000u\000y\036\301\000n\000\040\000t\000h\036\321\000n\000g\000\040\000\050\000C\000o\000r\000e\000\040\040\023\000\040\000D\000i\000s\000t\000r\000i\000b\000u\000t\000i\000o\000n\000\040\040\023\000\040\000A\000c\000c\000e\000s\000s\000\051}{section.2.1}% 12
\BOOKMARK [2][-]{subsection.2.1.3}{\376\377\000M\036\241\000n\000g\000\040\0002\000\040\000l\036\333\000p\000\040\000L\000e\000a\000f\000-\000S\000p\000i\000n\000e}{section.2.1}% 13
\BOOKMARK [1][-]{section.2.2}{\376\377\000C\000\364\000n\000g\000\040\000n\000g\000h\036\307\000\040\000M\000P\000L\000S\000\040\000\050\000M\000u\000l\000t\000i\000p\000r\000o\000t\000o\000c\000o\000l\000\040\000L\000a\000b\000e\000l\000\040\000S\000w\000i\000t\000c\000h\000i\000n\000g\000\051}{chapter.2}% 14
\BOOKMARK [2][-]{subsection.2.2.1}{\376\377\000K\000h\000\341\000i\000\040\000n\000i\036\307\000m\000\040\000v\000\340\000\040\000n\000g\000u\000y\000\352\000n\000\040\000l\000\375}{section.2.2}% 15
\BOOKMARK [2][-]{subsection.2.2.2}{\376\377\000C\001\241\000\040\000c\000h\036\277\000\040\000P\000u\000s\000h\000\040\040\023\000\040\000S\000w\000a\000p\000\040\040\023\000\040\000P\000o\000p}{section.2.2}% 16
\BOOKMARK [2][-]{subsection.2.2.3}{\376\377\000S\000o\000\040\000s\000\341\000n\000h\000\040\000M\000P\000L\000S\000\040\000v\036\333\000i\000\040\000I\000P\000\040\000R\000o\000u\000t\000i\000n\000g\000\040\000t\000r\000u\000y\036\301\000n\000\040\000t\000h\036\321\000n\000g}{section.2.2}% 17
\BOOKMARK [1][-]{section.2.3}{\376\377\000M\000e\000t\000r\000o\000\040\000E\000t\000h\000e\000r\000n\000e\000t\000\040\000v\000\340\000\040\000V\000P\000L\000S}{chapter.2}% 18
\BOOKMARK [2][-]{subsection.2.3.1}{\376\377\000M\000e\000t\000r\000o\000\040\000E\000t\000h\000e\000r\000n\000e\000t}{section.2.3}% 19
\BOOKMARK [2][-]{subsection.2.3.2}{\376\377\000V\000P\000L\000S\000\040\000\050\000V\000i\000r\000t\000u\000a\000l\000\040\000P\000r\000i\000v\000a\000t\000e\000\040\000L\000A\000N\000\040\000S\000e\000r\000v\000i\000c\000e\000\051}{section.2.3}% 20
\BOOKMARK [1][-]{section.2.4}{\376\377\000C\000\341\000c\000\040\000g\000i\000a\000o\000\040\000t\000h\036\351\000c\000\040\001\021\000i\036\301\000u\000\040\000k\000h\000i\036\303\000n\000\040\000M\000P\000L\000S}{chapter.2}% 21
\BOOKMARK [2][-]{subsection.2.4.1}{\376\377\000O\000S\000P\000F\000\040\000\050\000O\000p\000e\000n\000\040\000S\000h\000o\000r\000t\000e\000s\000t\000\040\000P\000a\000t\000h\000\040\000F\000i\000r\000s\000t\000\051}{section.2.4}% 22
\BOOKMARK [2][-]{subsection.2.4.2}{\376\377\000L\000D\000P\000\040\000\050\000L\000a\000b\000e\000l\000\040\000D\000i\000s\000t\000r\000i\000b\000u\000t\000i\000o\000n\000\040\000P\000r\000o\000t\000o\000c\000o\000l\000\051}{section.2.4}% 23
\BOOKMARK [2][-]{subsection.2.4.3}{\376\377\000M\000P\000-\000B\000G\000P\000\040\000\050\000M\000u\000l\000t\000i\000p\000r\000o\000t\000o\000c\000o\000l\000\040\000B\000G\000P\000\051}{section.2.4}% 24
\BOOKMARK [1][-]{section.2.5}{\376\377\000C\000\341\000c\000\040\000c\000h\036\311\000\040\000s\036\321\000\040\000h\000i\036\307\000u\000\040\000n\001\003\000n\000g\000\040\000m\036\241\000n\000g}{chapter.2}% 25
\BOOKMARK [0][-]{chapter.3}{\376\377\000T\000h\000i\000\352\000t\000\040\000k\000\352\000\040\000m\000\364\000\040\000h\000\354\000n\000h\000\040\000m\036\241\000n\000g}{}% 26
\BOOKMARK [1][-]{section.3.1}{\376\377\000T\000o\000n\000g\000\040\000q\000u\000a\000n\000\040\000t\000h\000i\000\352\000t\000\040\000k\000\352}{chapter.3}% 27
\BOOKMARK [2][-]{subsection.3.1.1}{\376\377\000S\036\315\000\040\001\021\000\362\000\040\000l\000o\000g\000i\000c\000\040\000t\000o\000n\000g\000\040\000t\000h\000e}{section.3.1}% 28
\BOOKMARK [1][-]{section.3.2}{\376\377\000T\000h\000i\000\352\000t\000\040\000k\000\352\000\040\000c\000h\000i\000\040\000n\000h\000\341\000n\000h\000\040\0001\000:\000\040\000M\036\241\000n\000g\000\040\000p\000h\001\003\000n\000g\000\040\000\050\000F\000l\000a\000t\000\040\000N\000e\000t\000w\000o\000r\000k\000\051}{chapter.3}% 29
\BOOKMARK [2][-]{subsection.3.2.1}{\376\377\000C\000\342\000u\000\040\000t\000r\000\372\000c\000\040\000t\000o\000p\000o\000l\000o\000g\000y}{section.3.2}% 30
\BOOKMARK [2][-]{subsection.3.2.2}{\376\377\000T\000h\000\364\000n\000g\000\040\000s\000\364\000\040\000k\036\371\000\040\000t\000h\000u\036\241\000t}{section.3.2}% 31
\BOOKMARK [1][-]{section.3.3}{\376\377\000T\000h\000i\000\352\000t\000\040\000k\000\352\000\040\000c\000h\000i\000\040\000n\000h\000\341\000n\000h\000\040\0002\000:\000\040\000M\036\241\000n\000g\000\040\0003\000\040\000l\036\315\000p\000\040\000\050\000C\000o\000r\000e\040\023\000D\000i\000s\000t\000r\000i\000b\000u\000t\000i\000o\000n\040\023\000A\000c\000c\000e\000s\000s\000\051}{chapter.3}% 32
\BOOKMARK [2][-]{subsection.3.3.1}{\376\377\000C\000\342\000u\000\040\000t\000r\000\372\000c\000\040\000t\000o\000p\000o\000l\000o\000g\000y}{section.3.3}% 33
\BOOKMARK [2][-]{subsection.3.3.2}{\376\377\000T\000h\000\364\000n\000g\000\040\000s\000\364\000\040\000k\036\371\000\040\000t\000h\000u\036\241\000t}{section.3.3}% 34
\BOOKMARK [1][-]{section.3.4}{\376\377\000T\000h\000i\000\352\000t\000\040\000k\000\352\000\040\000c\000h\000i\000\040\000n\000h\000\341\000n\000h\000\040\0003\000:\000\040\000M\036\241\000n\000g\000\040\000L\000e\000a\000f\000-\000S\000p\000i\000n\000e}{chapter.3}% 35
\BOOKMARK [2][-]{subsection.3.4.1}{\376\377\000C\000\342\000u\000\040\000t\000r\000\372\000c\000\040\000t\000o\000p\000o\000l\000o\000g\000y}{section.3.4}% 36
\BOOKMARK [2][-]{subsection.3.4.2}{\376\377\000T\000h\000\364\000n\000g\000\040\000s\000\364\000\040\000k\036\371\000\040\000t\000h\000u\036\241\000t}{section.3.4}% 37
\BOOKMARK [1][-]{section.3.5}{\376\377\000T\000h\000i\000\352\000t\000\040\000k\000\352\000\040\000b\000a\000c\000k\000b\000o\000n\000e\000\040\000M\000P\000L\000S\000\040\000c\000u\000a\000\040\000I\000S\000P}{chapter.3}% 38
\BOOKMARK [2][-]{subsection.3.5.1}{\376\377\000T\000o\000p\000o\000l\000o\000g\000y\000\040\000b\000a\000c\000k\000b\000o\000n\000e}{section.3.5}% 39
\BOOKMARK [2][-]{subsection.3.5.2}{\376\377\000K\000\352\000\040\000h\000o\036\241\000c\000h\000\040\000n\000h\000\343\000n\000\040\000M\000P\000L\000S\000\040\000\050\000L\000a\000b\000e\000l\000\040\000P\000l\000a\000n\000\051}{section.3.5}% 40
\BOOKMARK [1][-]{section.3.6}{\376\377\000B\000a\000n\000g\000\040\001\021\036\313\000a\000\040\000c\000h\000i\000\040\000I\000P\000\040\000t\000o\000\340\000n\000\040\000h\036\271\000\040\000t\000h\000\364\000n\000g}{chapter.3}% 41
\BOOKMARK [0][-]{chapter.4}{\376\377\000T\000r\000i\000e\000n\000\040\000k\000h\000a\000i\000\040\000t\000r\000\352\000n\000\040\000M\000i\000n\000i\000n\000e\000t}{}% 42
\BOOKMARK [1][-]{section.4.1}{\376\377\000M\000\364\000i\000\040\000t\000r\001\117\001\371\000g\000\040\000c\000\340\000i\000\040\001\021\001\003\000t}{chapter.4}% 43
\BOOKMARK [2][-]{subsection.4.1.1}{\376\377\000Y\000\352\000u\000\040\000c\000\340\000u\000\040\000h\036\271\000\040\000t\000h\000\364\000n\000g}{section.4.1}% 44
\BOOKMARK [2][-]{subsection.4.1.2}{\376\377\000H\001\117\000\355\000n\000g\000\040\000d\000\343\000n\000\040\000c\000\340\000i\000\040\001\021\001\003\000t\000\040\000t\000\371\000n\000g\000\040\000b\001\117\000\355\000c}{section.4.1}% 45
\BOOKMARK [1][-]{section.4.2}{\376\377\000C\000\342\000u\000\040\000t\000r\000\372\000c\000\040\000f\000i\000l\000e\000\040\000c\000o\000d\000e}{chapter.4}% 46
\BOOKMARK [1][-]{section.4.3}{\376\377\000M\000\343\000\040\000n\000g\000u\000\362\000n\000\040\000c\000h\000i\000\040\000t\000i\000\352\000t}{chapter.4}% 47
\BOOKMARK [2][-]{subsection.4.3.1}{\376\377\000L\036\315\000p\000\040\000L\000i\000n\000u\000x\000R\000o\000u\000t\000e\000r\000\040\000v\000\340\000\040\000M\000e\000t\000r\000o\000F\000u\000l\000l\000T\000o\000p\000o}{section.4.3}% 48
\BOOKMARK [2][-]{subsection.4.3.2}{\376\377\000X\000\342\000y\000\040\000d\036\345\000n\000g\000\040\000c\000h\000i\000\040\000n\000h\000\341\000n\000h\000\040\0001\000\040\040\023\000\040\000F\000l\000a\000t\000\040\000N\000e\000t\000w\000o\000r\000k}{section.4.3}% 49
\BOOKMARK [2][-]{subsection.4.3.3}{\376\377\000X\000\342\000y\000\040\000d\036\345\000n\000g\000\040\000c\000h\000i\000\040\000n\000h\000\341\000n\000h\000\040\0002\000\040\040\023\000\040\0003\000-\000T\000i\000e\000r\000\040\000C\000D\000A}{section.4.3}% 50
\BOOKMARK [2][-]{subsection.4.3.4}{\376\377\000X\000\342\000y\000\040\000d\036\345\000n\000g\000\040\000c\000h\000i\000\040\000n\000h\000\341\000n\000h\000\040\0003\000\040\040\023\000\040\000L\000e\000a\000f\000-\000S\000p\000i\000n\000e}{section.4.3}% 51
\BOOKMARK [1][-]{section.4.4}{\376\377\000C\000\342\000u\000\040\000h\000\354\000n\000h\000\040\000M\000P\000L\000S\000\040\000\050\000P\000u\000s\000h\000\040\040\023\000\040\000S\000w\000a\000p\000\040\040\023\000\040\000P\000o\000p\000\051}{chapter.4}% 52
\BOOKMARK [2][-]{subsection.4.4.1}{\376\377\000B\001\117\000\355\000c\000\040\0001\000:\000\040\000B\036\241\000t\000\040\000M\000P\000L\000S\000\040\000t\000r\000\352\000n\000\040\000c\000\341\000c\000\040\000n\000o\000d\000e\000\040\000b\000a\000c\000k\000b\000o\000n\000e}{section.4.4}% 53
\BOOKMARK [2][-]{subsection.4.4.2}{\376\377\000B\001\117\000\355\000c\000\040\0002\000:\000\040\000C\000\342\000u\000\040\000h\000\354\000n\000h\000\040\000P\000U\000S\000H\000\040\000t\036\241\000i\000\040\000P\000E\000\040\000r\000o\000u\000t\000e\000r\000s\000\040\000\050\000I\000n\000g\000r\000e\000s\000s\000\040\000L\000E\000R\000\051}{section.4.4}% 54
\BOOKMARK [2][-]{subsection.4.4.3}{\376\377\000B\001\117\000\355\000c\000\040\0003\000:\000\040\000C\000\342\000u\000\040\000h\000\354\000n\000h\000\040\000S\000W\000A\000P\000\040\000t\036\241\000i\000\040\000P\000\040\000r\000o\000u\000t\000e\000r\000s\000\040\000\050\000T\000r\000a\000n\000s\000i\000t\000\040\000L\000S\000R\000\051}{section.4.4}% 55
\BOOKMARK [2][-]{subsection.4.4.4}{\376\377\000X\000e\000m\000\040\000b\000a\000n\000g\000\040\000M\000P\000L\000S\000\040\000r\000o\000u\000t\000e\000\040\000t\000r\000\352\000n\000\040\000r\000o\000u\000t\000e\000r}{section.4.4}% 56
\BOOKMARK [1][-]{section.4.5}{\376\377\000H\001\117\000\355\000n\000g\000\040\000d\000\343\000n\000\040\000c\000h\036\241\000y\000\040\000t\000o\000p\000o\000l\000o\000g\000y}{chapter.4}% 57
\BOOKMARK [2][-]{subsection.4.5.1}{\376\377\000K\000h\000\364\000i\000\040\001\021\036\315\000n\000g\000\040\000t\000o\000p\000o\000l\000o\000g\000y\000\040\000t\000o\000n\000g\000\040\000t\000h\000e}{section.4.5}% 58
\BOOKMARK [2][-]{subsection.4.5.2}{\376\377\000K\000i\000e\000m\000\040\000t\000r\000a\000\040\000k\000\352\000t\000\040\000n\000\364\000i\000\040\000t\000r\000o\000n\000g\000\040\000M\000i\000n\000i\000n\000e\000t\000\040\000C\000L\000I}{section.4.5}% 59
\BOOKMARK [2][-]{subsection.4.5.3}{\376\377\000K\000\352\000t\000\040\000q\000u\000a\000\040\000p\000i\000n\000g\000\040\000e\000n\000d\000-\000t\000o\000-\000e\000n\000d\000\040\000t\000h\036\345\000c\000\040\000t\000\352}{section.4.5}% 60
\BOOKMARK [2][-]{subsection.4.5.4}{\376\377\001\021\000\364\000\040\000l\001\117\000n\000g\000\040\000i\000p\000e\000r\000f\0003\000\040\000t\000r\000o\000n\000g\000\040\000C\000L\000I}{section.4.5}% 61
\BOOKMARK [1][-]{section.4.6}{\376\377\000B\036\315\000\040\000c\000\364\000n\000g\000\040\000c\036\345\000\040\001\021\000\364\000\040\000l\001\117\000n\000g\000\040\000t\036\345\000\040\001\021\036\315\000n\000g}{chapter.4}% 62
\BOOKMARK [2][-]{subsection.4.6.1}{\376\377\000T\000o\000n\000g\000\040\000q\000u\000a\000n\000\040\000b\036\315\000\040\001\021\000\364\000\040\000l\001\117\000n\000g}{section.4.6}% 63
\BOOKMARK [0][-]{chapter.5}{\376\377\000K\000\352\000t\000\040\000q\000u\000a\000\040\001\021\000\364\000\040\000l\001\117\000n\000g\000\040\000v\000\340\000\040\000p\000h\000\342\000n\000\040\000t\000\355\000c\000h}{}% 64
\BOOKMARK [1][-]{section.5.1}{\376\377\000P\000h\001\117\000\355\000n\000g\000\040\000p\000h\000\341\000p\000\040\001\021\000\364\000\040\000l\001\117\000n\000g}{chapter.5}% 65
\BOOKMARK [1][-]{section.5.2}{\376\377\000K\000\352\000t\000\040\000q\000u\000a\000\040\001\021\000\364\000\040\000l\001\117\000n\000g\000\040\000n\036\315\000i\000\040\000b\036\315\000\040\000\050\000I\000n\000t\000r\000a\000-\000b\000r\000a\000n\000c\000h\000\051}{chapter.5}% 66
\BOOKMARK [2][-]{subsection.5.2.1}{\376\377\000C\000h\000i\000\040\000n\000h\000\341\000n\000h\000\040\0001\000\040\040\023\000\040\000F\000l\000a\000t\000\040\000N\000e\000t\000w\000o\000r\000k}{section.5.2}% 67
\BOOKMARK [2][-]{subsection.5.2.2}{\376\377\000C\000h\000i\000\040\000n\000h\000\341\000n\000h\000\040\0002\000\040\040\023\000\040\0003\000-\000T\000i\000e\000r\000\040\000\050\000C\000o\000r\000e\040\023\000D\000i\000s\000t\000r\000i\000b\000u\000t\000i\000o\000n\040\023\000A\000c\000c\000e\000s\000s\000\051}{section.5.2}% 68
\BOOKMARK [2][-]{subsection.5.2.3}{\376\377\000C\000h\000i\000\040\000n\000h\000\341\000n\000h\000\040\0003\000\040\040\023\000\040\000L\000e\000a\000f\000-\000S\000p\000i\000n\000e}{section.5.2}% 69
\BOOKMARK [2][-]{subsection.5.2.4}{\376\377\000B\000a\000n\000g\000\040\000t\000o\000n\000g\000\040\000h\036\315\000p\003\043\000\040\000k\000\352\000t\000\040\000q\000u\000a\000\040\000n\036\315\000i\000\040\000b\036\315}{section.5.2}% 70
\BOOKMARK [1][-]{section.5.3}{\376\377\000K\000\352\000t\000\040\000q\000u\000a\000\040\001\021\000\364\000\040\000l\001\117\000n\000g\000\040\000x\000u\000y\000\352\000n\000\040\000c\000h\000i\000\040\000n\000h\000\341\000n\000h\000\040\000\050\000C\000r\000o\000s\000s\000-\000b\000r\000a\000n\000c\000h\000\051}{chapter.5}% 71
\BOOKMARK [2][-]{subsection.5.3.1}{\376\377\000L\000o\000g\000\040\000t\000h\036\345\000c\000\040\000t\000\352\000\040\000c\000r\000o\000s\000s\000-\000b\000r\000a\000n\000c\000h}{section.5.3}% 72
\BOOKMARK [2][-]{subsection.5.3.2}{\376\377\000B\000a\000n\000g\000\040\000t\000o\000n\000g\000\040\000h\036\315\000p\003\043\000\040\000c\000r\000o\000s\000s\000-\000b\000r\000a\000n\000c\000h}{section.5.3}% 73
\BOOKMARK [1][-]{section.5.4}{\376\377\000B\000i\000e\000u\000\040\001\021\000\362\000\040\000s\000o\000\040\000s\000\341\000n\000h}{chapter.5}% 74
\BOOKMARK [1][-]{section.5.5}{\376\377\000P\000h\000\342\000n\000\040\000t\000\355\000c\000h\000\040\000k\000\352\000t\000\040\000q\000u\000a}{chapter.5}% 75
\BOOKMARK [2][-]{subsection.5.5.1}{\376\377\000P\000h\000\342\000n\000\040\000t\000\355\000c\000h\000\040\001\021\036\315\000\040\000t\000r\036\275\000\040\000\050\000D\000e\000l\000a\000y\000\051}{section.5.5}% 76
\BOOKMARK [2][-]{subsection.5.5.2}{\376\377\000P\000h\000\342\000n\000\040\000t\000\355\000c\000h\000\040\000T\000h\000r\000o\000u\000g\000h\000p\000u\000t\000\040\000v\000\340\000\040\000J\000i\000t\000t\000e\000r}{section.5.5}% 77
\BOOKMARK [2][-]{subsection.5.5.3}{\376\377\000P\000h\000\342\000n\000\040\000t\000\355\000c\000h\000\040\000P\000a\000c\000k\000e\000t\000\040\000L\000o\000s\000s}{section.5.5}% 78
\BOOKMARK [1][-]{section.5.6}{\376\377\001\021\000\341\000n\000h\000\040\000g\000i\000\341\000\040\000h\000o\036\241\000t\000\040\001\021\036\315\000n\000g\000\040\000M\000P\000L\000S}{chapter.5}% 79
\BOOKMARK [2][-]{subsection.5.6.1}{\376\377\001\021\001\117\000n\000g\000\040\001\021\001\061\000\040\000g\000\363\000i\000\040\000t\000i\000n\000\040\000x\000u\000y\000\352\000n\000\040\000b\000a\000c\000k\000b\000o\000n\000e}{section.5.6}% 80
\BOOKMARK [2][-]{subsection.5.6.2}{\376\377\000K\000i\000\352\000m\000\040\000t\000r\000a\000\040\000b\000a\000n\000g\000\040\000M\000P\000L\000S\000\040\000r\000o\000u\000t\000e\000\040\000t\000h\036\345\000c\000\040\000t\000\352}{section.5.6}% 81
\BOOKMARK [0][-]{chapter.6}{\376\377\000K\036\277\000t\000\040\000l\000u\036\255\000n\000\040\000v\000\340\000\040\000h\001\260\036\333\000n\000g\000\040\000p\000h\000\341\000t\000\040\000t\000r\000i\036\303\000n}{}% 82
\BOOKMARK [1][-]{section.6.1}{\376\377\000T\000\363\000m\000\040\000t\036\257\000t\000\040\000k\036\277\000t\000\040\000q\000u\036\243\000\040\001\021\036\241\000t\000\040\001\021\001\260\036\343\000c}{chapter.6}% 83
\BOOKMARK [2][-]{subsection.6.1.1}{\376\377\000K\036\277\000t\000\040\000l\000u\036\255\000n\000\040\000v\036\301\000\040\000h\000i\036\307\000u\000\040\000n\001\003\000n\000g\000\040\001\021\000o\000\040\000l\001\260\036\335\000n\000g\000\040\000t\000h\036\361\000c\000\040\000t\036\277}{section.6.1}% 84
\BOOKMARK [2][-]{subsection.6.1.2}{\376\377\000K\036\277\000t\000\040\000l\000u\036\255\000n\000\040\000v\036\301\000\040\0003\000\040\000k\000i\036\277\000n\000\040\000t\000r\000\372\000c\000\040\000L\000A\000N}{section.6.1}% 85
\BOOKMARK [2][-]{subsection.6.1.3}{\376\377\000K\036\277\000t\000\040\000l\000u\036\255\000n\000\040\000v\036\301\000\040\000M\000P\000L\000S}{section.6.1}% 86
\BOOKMARK [1][-]{section.6.2}{\376\377\000H\001\260\036\333\000n\000g\000\040\000p\000h\000\341\000t\000\040\000t\000r\000i\036\303\000n}{chapter.6}% 87
\BOOKMARK [1][-]{section.6.3}{\376\377\000L\036\335\000i\000\040\000k\036\277\000t}{chapter.6}% 88
\BOOKMARK [0][-]{section.6.3}{\376\377\000T\000\300\000I\000\040\000L\000I\036\306\000U\000\040\000T\000H\000A\000M\000\040\000K\000H\036\242\000O}{}% 89
