*** Khởi tạo topology Metro Full
*** Creating network
*** Adding hosts:
admin1 admin2 ce1 ce1_lan ce2 ce2_lan ce3 ce3_lan db1 db2 dns1 dns2 guest1 guest2 host1 host2 host3 host4 lab1 lab2 p1 p2 p3 p4 pe1 pe2 pe3 web1 web2 
*** Adding switches:
acc1 acc2 acc3 core1 core2 dist1 dist2 leaf1 leaf2 leaf3 s_acc1 spine1 spine2 
*** Adding links:
(acc1, admin1) (acc1, admin2) (acc2, lab1) (acc2, lab2) (acc3, guest1) (acc3, guest2) (ce1, ce1_lan) (ce1, pe1) (ce2, ce2_lan) (ce2, pe2) (ce2_lan, core1) (ce2_lan, core2) (ce3, ce3_lan) (ce3, pe3) (ce3_lan, spine1) (ce3_lan, spine2) (core1, dist1) (core1, dist2) (core2, dist1) (core2, dist2) (dist1, acc1) (dist1, acc2) (dist2, acc2) (dist2, acc3) (host1, s_acc1) (host2, s_acc1) (host3, s_acc1) (host4, s_acc1) (leaf1, web1) (leaf1, web2) (leaf2, dns1) (leaf2, dns2) (leaf3, db1) (leaf3, db2) (p1, p2) (p1, p3) (p1, p4) (p2, p3) (p2, p4) (p3, p4) (pe1, p1) (pe1, p3) (pe2, p3) (pe2, p4) (pe3, p2) (pe3, p4) (s_acc1, ce1_lan) (spine1, leaf1) (spine1, leaf2) (spine1, leaf3) (spine2, leaf1) (spine2, leaf2) (spine2, leaf3) 
*** Configuring hosts
admin1 admin2 ce1 ce1_lan ce2 ce2_lan ce3 ce3_lan db1 db2 dns1 dns2 guest1 guest2 host1 host2 host3 host4 lab1 lab2 p1 p2 p3 p4 pe1 pe2 pe3 web1 web2 
*** Starting controller

*** Starting 13 switches
acc1 acc2 acc3 core1 core2 dist1 dist2 leaf1 leaf2 leaf3 s_acc1 spine1 spine2 ...

====================================================================
  KHỞI TẠO METRO ETHERNET MPLS – TOÀN HỆ THỐNG
====================================================================
*** [1/4] Bật IP forwarding trên tất cả router
*** [2/4] Gán loopback address
*** [3/4] Bật RSTP trên OVS switches
    Chờ 4 giây cho STP hội tụ...
*** Thêm gateway IP aliases trên interface vật lý
*** [4/4] Cấu hình static route end-to-end

*** Cấu hình hoàn tất!

========================================================================
  Chi nhánh                      Hosts        Subnet           Gateway
------------------------------------------------------------------------
  Chi nhánh 1 – Flat             host1-4      10.1.0.0/24      ce1_lan–eth0→s_acc1
  Chi nhánh 2 – Admin            admin1-2     10.2.10.0/24     vlan10@ce2_lan
  Chi nhánh 2 – Lab              lab1-2       10.2.20.0/24     vlan20@ce2_lan
  Chi nhánh 2 – Guest            guest1-2     10.2.30.0/24     vlan30@ce2_lan
  Chi nhánh 3 – Web servers      web1-2       10.3.10.0/24     zone_web@ce3_lan
  Chi nhánh 3 – DNS servers      dns1-2       10.3.20.0/24     zone_dns@ce3_lan
  Chi nhánh 3 – DB  servers      db1-2        10.3.30.0/24     zone_db@ce3_lan
========================================================================
  Glue links: CE1↔ce1_lan=10.100.1.0/30 | CE2↔ce2_lan=10.100.2.0/30
              CE3↔ce3_lan=10.100.3.0/30
========================================================================

============================================================
  SCENARIO: Flat Network (Chi nhánh 1)
============================================================

  >>> Test: host1→host2 [intra-flat]
    Run 1/3: ping...  loss=0.0% avg=0.062ms
    Run 1/3: iperf3 UDP 10Mbps...  tput=NoneMbps jitter=Nonems loss=None%
    Run 1/3: iperf3 UDP 50Mbps...  tput=NoneMbps jitter=Nonems loss=None%
    Run 1/3: iperf3 UDP 100Mbps...  tput=NoneMbps jitter=Nonems loss=None%
    Run 1/3: iperf3 TCP...  None Mbps
    Run 2/3: ping...  loss=0.0% avg=0.046ms
    Run 2/3: iperf3 UDP 10Mbps...  tput=NoneMbps jitter=Nonems loss=None%
    Run 2/3: iperf3 UDP 50Mbps...  tput=NoneMbps jitter=Nonems loss=None%
    Run 2/3: iperf3 UDP 100Mbps...  tput=NoneMbps jitter=Nonems loss=None%
    Run 2/3: iperf3 TCP...  None Mbps
    Run 3/3: ping...  loss=0.0% avg=0.046ms
    Run 3/3: iperf3 UDP 10Mbps...  tput=NoneMbps jitter=Nonems loss=None%
    Run 3/3: iperf3 UDP 50Mbps...  tput=NoneMbps jitter=Nonems loss=None%
    Run 3/3: iperf3 UDP 100Mbps...  tput=NoneMbps jitter=Nonems loss=None%
    Run 3/3: iperf3 TCP...  None Mbps
Traceback (most recent call last):
  File "/home/nguyentanmanh/TKMCK/scripts/run_measurements.py", line 437, in <module>
    sys.exit(main())
             ^^^^^^
  File "/home/nguyentanmanh/TKMCK/scripts/run_measurements.py", line 416, in main
    records = run_scenario(net, sc, ts, raw_dir)
              ^^^^^^^^^^^^^^^^^^^^^^^^^^^^^^^^^^
  File "/home/nguyentanmanh/TKMCK/scripts/run_measurements.py", line 319, in run_scenario
    f'tput={record["throughput_mbps"]:.2f}Mbps '
           ^^^^^^^^^^^^^^^^^^^^^^^^^^^^^^^
TypeError: unsupported format string passed to NoneType.__format__
