*** Khởi tạo topology Metro Full
*** Creating network
*** Adding hosts:
admin1 admin2 ce1 ce1_lan ce2 ce2_lan ce3 ce3_lan db1 db2 dns1 dns2 guest1 guest2 host1 host2 host3 host4 lab1 lab2 p1 p2 p3 p4 pe1 pe2 pe3 web1 web2 
*** Adding switches:
acc1 acc2 acc3 core1 core2 dist1 dist2 leaf1 leaf2 leaf3 s_acc1 spine1 spine2 
*** Adding links:
(acc1, admin1) (acc1, admin2) (acc2, lab1) (acc2, lab2) (acc3, guest1) (acc3, guest2) (ce1, ce1_lan) (ce1, pe1) (ce2, ce2_lan) (ce2, pe2) (ce2_lan, core1) (ce2_lan, core2) (ce3, ce3_lan) (ce3, pe3) (ce3_lan, spine1) (ce3_lan, spine2) (core1, dist1) (core1, dist2) (core2, dist1) (core2, dist2) (dist1, acc1) (dist1, acc2) (dist2, acc2) (dist2, acc3) (host1, s_acc1) (host2, s_acc1) (host3, s_acc1) (host4, s_acc1) (leaf1, web1) (leaf1, web2) (leaf2, dns1) (leaf2, dns2) (leaf3, db1) (leaf3, db2) (p1, p2) (p1, p3) (p1, p4) (p2, p3) (p2, p4) (p3, p4) (pe1, p1) (pe1, p3) (pe2, p3) (pe2, p4) (pe3, p2) (pe3, p4) (s_acc1, ce1_lan) (spine1, leaf1) (spine1, leaf2) (spine1, leaf3) (spine2, leaf1) (spine2, leaf2) (spine2, leaf3) 
*** Configuring hosts
admin1 admin2 ce1 ce1_lan ce2 ce2_lan ce3 ce3_lan db1 db2 dns1 dns2 guest1 guest2 host1 host2 host3 host4 lab1 lab2 p1 p2 p3 p4 pe1 pe2 pe3 web1 web2 
*** Starting controller

*** Starting 13 switches
acc1 acc2 acc3 core1 core2 dist1 dist2 leaf1 leaf2 leaf3 s_acc1 spine1 spine2 ...

====================================================================
  KHỞI TẠO METRO ETHERNET MPLS – TOÀN HỆ THỐNG
====================================================================
*** [1/4] Bật IP forwarding trên tất cả router
*** [2/4] Gán loopback address
*** [3/4] Bật RSTP trên OVS switches
    Chờ 4 giây cho STP hội tụ...
*** Thêm gateway IP aliases trên interface vật lý
*** [4/4] Cấu hình static route end-to-end

*** Cấu hình hoàn tất!

========================================================================
  Chi nhánh                      Hosts        Subnet           Gateway
------------------------------------------------------------------------
  Chi nhánh 1 – Flat             host1-4      10.1.0.0/24      ce1_lan–eth0→s_acc1
  Chi nhánh 2 – Admin            admin1-2     10.2.10.0/24     vlan10@ce2_lan
  Chi nhánh 2 – Lab              lab1-2       10.2.20.0/24     vlan20@ce2_lan
  Chi nhánh 2 – Guest            guest1-2     10.2.30.0/24     vlan30@ce2_lan
  Chi nhánh 3 – Web servers      web1-2       10.3.10.0/24     zone_web@ce3_lan
  Chi nhánh 3 – DNS servers      dns1-2       10.3.20.0/24     zone_dns@ce3_lan
  Chi nhánh 3 – DB  servers      db1-2        10.3.30.0/24     zone_db@ce3_lan
========================================================================
  Glue links: CE1↔ce1_lan=10.100.1.0/30 | CE2↔ce2_lan=10.100.2.0/30
              CE3↔ce3_lan=10.100.3.0/30
========================================================================

============================================================
  SCENARIO: Flat Network (Chi nhánh 1)
============================================================

  >>> Test: host1→host2 [intra-flat]
    Run 1/3: ping...  loss=0.0% avg=0.066ms
    Run 1/3: iperf3 UDP 10Mbps...  tput=9.998Mbps jitter=0.7549ms loss=0.0%
    Run 1/3: iperf3 UDP 50Mbps...  tput=49.996Mbps jitter=0.1738ms loss=0.0%
    Run 1/3: iperf3 UDP 100Mbps...  tput=99.988Mbps jitter=0.0334ms loss=0.0%
    Run 1/3: iperf3 TCP...  48256.355 Mbps
    Run 2/3: ping...  loss=0.0% avg=0.046ms
    Run 2/3: iperf3 UDP 10Mbps...  tput=9.999Mbps jitter=0.761ms loss=0.0%
    Run 2/3: iperf3 UDP 50Mbps...  tput=49.995Mbps jitter=0.1158ms loss=0.0%
    Run 2/3: iperf3 UDP 100Mbps...  tput=99.973Mbps jitter=0.1111ms loss=0.0%
    Run 2/3: iperf3 TCP...  47675.688 Mbps
    Run 3/3: ping...  loss=0.0% avg=0.045ms
    Run 3/3: iperf3 UDP 10Mbps...  tput=9.999Mbps jitter=0.7604ms loss=0.0%
    Run 3/3: iperf3 UDP 50Mbps...  tput=49.998Mbps jitter=0.18ms loss=0.0%
    Run 3/3: iperf3 UDP 100Mbps...  tput=99.988Mbps jitter=0.0614ms loss=0.0%
    Run 3/3: iperf3 TCP...  50382.293 Mbps
  [OK] host1→host2 [intra-flat] @ 10Mbps: tput=10.00Mbps delay=0.0523ms loss=0.0% jitter=0.7588ms
  [OK] host1→host2 [intra-flat] @ 50Mbps: tput=50.00Mbps delay=0.0523ms loss=0.0% jitter=0.1565ms
  [OK] host1→host2 [intra-flat] @ 100Mbps: tput=99.98Mbps delay=0.0523ms loss=0.0% jitter=0.0686ms

  >>> Test: host1→host3 [intra-flat]
    Run 1/3: ping...  loss=0.0% avg=0.065ms
    Run 1/3: iperf3 UDP 10Mbps...  tput=9.998Mbps jitter=0.8647ms loss=0.0%
    Run 1/3: iperf3 UDP 50Mbps...  tput=49.988Mbps jitter=0.1998ms loss=0.0%
    Run 1/3: iperf3 UDP 100Mbps...  tput=99.942Mbps jitter=0.4231ms loss=0.0%
    Run 1/3: iperf3 TCP...  42218.342 Mbps
    Run 2/3: ping...  loss=0.0% avg=0.046ms
    Run 2/3: iperf3 UDP 10Mbps...  tput=9.998Mbps jitter=0.9025ms loss=0.0%
    Run 2/3: iperf3 UDP 50Mbps...  tput=49.996Mbps jitter=0.1595ms loss=0.0%
    Run 2/3: iperf3 UDP 100Mbps...  tput=99.993Mbps jitter=0.0774ms loss=0.0%
    Run 2/3: iperf3 TCP...  42773.626 Mbps
    Run 3/3: ping...  loss=0.0% avg=0.047ms
    Run 3/3: iperf3 UDP 10Mbps...  tput=9.999Mbps jitter=0.7431ms loss=0.0%
    Run 3/3: iperf3 UDP 50Mbps...  tput=49.995Mbps jitter=0.1286ms loss=0.0%
    Run 3/3: iperf3 UDP 100Mbps...  tput=99.988Mbps jitter=0.0599ms loss=0.0%
    Run 3/3: iperf3 TCP...  48031.879 Mbps
  [OK] host1→host3 [intra-flat] @ 10Mbps: tput=10.00Mbps delay=0.0527ms loss=0.0% jitter=0.8368ms
  [OK] host1→host3 [intra-flat] @ 50Mbps: tput=49.99Mbps delay=0.0527ms loss=0.0% jitter=0.1626ms
  [OK] host1→host3 [intra-flat] @ 100Mbps: tput=99.97Mbps delay=0.0527ms loss=0.0% jitter=0.1868ms

  >>> Test: host1→admin1 [flat→3tier]
    Run 1/3: ping...  loss=0.0% avg=0.11ms
    Run 1/3: iperf3 UDP 10Mbps...  tput=9.999Mbps jitter=0.9722ms loss=0.0%
    Run 1/3: iperf3 UDP 50Mbps...  tput=49.994Mbps jitter=0.2083ms loss=0.0%
    Run 1/3: iperf3 UDP 100Mbps...  tput=99.988Mbps jitter=0.0582ms loss=0.05%
    Run 1/3: iperf3 TCP...  23389.105 Mbps
    Run 2/3: ping...  loss=0.0% avg=0.1ms
    Run 2/3: iperf3 UDP 10Mbps...  tput=9.999Mbps jitter=1.0702ms loss=0.0%
    Run 2/3: iperf3 UDP 50Mbps...  tput=49.995Mbps jitter=0.2059ms loss=0.0%
    Run 2/3: iperf3 UDP 100Mbps...  tput=99.986Mbps jitter=0.0969ms loss=0.0%
    Run 2/3: iperf3 TCP...  22706.101 Mbps
    Run 3/3: ping...  loss=0.0% avg=0.104ms
    Run 3/3: iperf3 UDP 10Mbps...  tput=9.998Mbps jitter=0.8721ms loss=0.0%
    Run 3/3: iperf3 UDP 50Mbps...  tput=49.995Mbps jitter=0.1764ms loss=0.0%
    Run 3/3: iperf3 UDP 100Mbps...  tput=99.988Mbps jitter=0.1128ms loss=0.0%
    Run 3/3: iperf3 TCP...  22111.498 Mbps
  [OK] host1→admin1 [flat→3tier] @ 10Mbps: tput=10.00Mbps delay=0.1047ms loss=0.0% jitter=0.9715ms
  [OK] host1→admin1 [flat→3tier] @ 50Mbps: tput=49.99Mbps delay=0.1047ms loss=0.0% jitter=0.1969ms
  [OK] host1→admin1 [flat→3tier] @ 100Mbps: tput=99.99Mbps delay=0.1047ms loss=0.0167% jitter=0.0893ms

  >>> Test: host1→web1 [flat→leafspine]
    Run 1/3: ping...  loss=0.0% avg=0.122ms
    Run 1/3: iperf3 UDP 10Mbps...  tput=9.998Mbps jitter=0.6744ms loss=0.0%
    Run 1/3: iperf3 UDP 50Mbps...  tput=49.994Mbps jitter=0.0198ms loss=0.0%
    Run 1/3: iperf3 UDP 100Mbps...  tput=99.988Mbps jitter=0.1022ms loss=0.0%
    Run 1/3: iperf3 TCP...  22480.652 Mbps
    Run 2/3: ping...  loss=0.0% avg=0.105ms
    Run 2/3: iperf3 UDP 10Mbps...  tput=9.999Mbps jitter=0.9539ms loss=0.0%
    Run 2/3: iperf3 UDP 50Mbps...  tput=49.993Mbps jitter=0.2418ms loss=0.0%
    Run 2/3: iperf3 UDP 100Mbps...  tput=99.991Mbps jitter=0.0075ms loss=0.0%
    Run 2/3: iperf3 TCP...  22658.132 Mbps
    Run 3/3: ping...  loss=0.0% avg=0.103ms
    Run 3/3: iperf3 UDP 10Mbps...  tput=9.998Mbps jitter=0.9298ms loss=0.0%
    Run 3/3: iperf3 UDP 50Mbps...  tput=49.989Mbps jitter=0.2843ms loss=0.0%
    Run 3/3: iperf3 UDP 100Mbps...  tput=99.987Mbps jitter=0.1079ms loss=0.0%
    Run 3/3: iperf3 TCP...  22807.45 Mbps
  [OK] host1→web1 [flat→leafspine] @ 10Mbps: tput=10.00Mbps delay=0.11ms loss=0.0% jitter=0.8527ms
  [OK] host1→web1 [flat→leafspine] @ 50Mbps: tput=49.99Mbps delay=0.11ms loss=0.0% jitter=0.182ms
  [OK] host1→web1 [flat→leafspine] @ 100Mbps: tput=99.99Mbps delay=0.11ms loss=0.0% jitter=0.0725ms

============================================================
  SCENARIO: 3-Tier Network (Chi nhánh 2)
============================================================

  >>> Test: admin1→admin2 [same-VLAN10]
    Run 1/3: ping...  loss=0.0% avg=0.06ms
    Run 1/3: iperf3 UDP 10Mbps...  tput=9.999Mbps jitter=0.7522ms loss=0.0%
    Run 1/3: iperf3 UDP 50Mbps...  tput=49.994Mbps jitter=0.1324ms loss=0.0%
    Run 1/3: iperf3 UDP 100Mbps...  tput=99.977Mbps jitter=0.2032ms loss=0.0%
    Run 1/3: iperf3 TCP...  48340.288 Mbps
    Run 2/3: ping...  loss=0.0% avg=0.05ms
    Run 2/3: iperf3 UDP 10Mbps...  tput=9.999Mbps jitter=0.746ms loss=0.0%
    Run 2/3: iperf3 UDP 50Mbps...  tput=49.993Mbps jitter=0.1531ms loss=0.0%
    Run 2/3: iperf3 UDP 100Mbps...  tput=99.981Mbps jitter=0.0823ms loss=0.0%
    Run 2/3: iperf3 TCP...  52704.286 Mbps
    Run 3/3: ping...  loss=0.0% avg=0.047ms
    Run 3/3: iperf3 UDP 10Mbps...  tput=9.999Mbps jitter=0.9342ms loss=0.0%
    Run 3/3: iperf3 UDP 50Mbps...  tput=49.994Mbps jitter=0.208ms loss=0.0%
    Run 3/3: iperf3 UDP 100Mbps...  tput=99.988Mbps jitter=0.0367ms loss=0.0%
    Run 3/3: iperf3 TCP...  46918.264 Mbps
  [OK] admin1→admin2 [same-VLAN10] @ 10Mbps: tput=10.00Mbps delay=0.0523ms loss=0.0% jitter=0.8108ms
  [OK] admin1→admin2 [same-VLAN10] @ 50Mbps: tput=49.99Mbps delay=0.0523ms loss=0.0% jitter=0.1645ms
  [OK] admin1→admin2 [same-VLAN10] @ 100Mbps: tput=99.98Mbps delay=0.0523ms loss=0.0% jitter=0.1074ms

  >>> Test: admin1→lab1 [inter-VLAN]
    Run 1/3: ping...  loss=0.0% avg=0.081ms
    Run 1/3: iperf3 UDP 10Mbps...  tput=9.999Mbps jitter=0.9319ms loss=0.0%
    Run 1/3: iperf3 UDP 50Mbps...  tput=49.995Mbps jitter=0.0203ms loss=0.0%
    Run 1/3: iperf3 UDP 100Mbps...  tput=99.99Mbps jitter=0.0232ms loss=0.0%
    Run 1/3: iperf3 TCP...  31354.341 Mbps
    Run 2/3: ping...  loss=0.0% avg=0.075ms
    Run 2/3: iperf3 UDP 10Mbps...  tput=9.999Mbps jitter=1.0031ms loss=0.0%
    Run 2/3: iperf3 UDP 50Mbps...  tput=49.988Mbps jitter=0.2097ms loss=0.0%
    Run 2/3: iperf3 UDP 100Mbps...  tput=99.989Mbps jitter=0.0219ms loss=0.0%
    Run 2/3: iperf3 TCP...  31206.93 Mbps
    Run 3/3: ping...  loss=0.0% avg=0.071ms
    Run 3/3: iperf3 UDP 10Mbps...  tput=9.999Mbps jitter=0.7668ms loss=0.0%
    Run 3/3: iperf3 UDP 50Mbps...  tput=49.99Mbps jitter=0.1632ms loss=0.0%
    Run 3/3: iperf3 UDP 100Mbps...  tput=99.987Mbps jitter=0.0543ms loss=0.0%
    Run 3/3: iperf3 TCP...  31449.351 Mbps
  [OK] admin1→lab1 [inter-VLAN] @ 10Mbps: tput=10.00Mbps delay=0.0757ms loss=0.0% jitter=0.9006ms
  [OK] admin1→lab1 [inter-VLAN] @ 50Mbps: tput=49.99Mbps delay=0.0757ms loss=0.0% jitter=0.1311ms
  [OK] admin1→lab1 [inter-VLAN] @ 100Mbps: tput=99.99Mbps delay=0.0757ms loss=0.0% jitter=0.0331ms

  >>> Test: admin1→guest1 [inter-VLAN]
    Run 1/3: ping...  loss=0.0% avg=0.101ms
    Run 1/3: iperf3 UDP 10Mbps...  tput=9.999Mbps jitter=0.9456ms loss=0.0%
    Run 1/3: iperf3 UDP 50Mbps...  tput=49.998Mbps jitter=0.1586ms loss=0.0%
    Run 1/3: iperf3 UDP 100Mbps...  tput=99.989Mbps jitter=0.0336ms loss=0.0%
    Run 1/3: iperf3 TCP...  28944.735 Mbps
    Run 2/3: ping...  loss=0.0% avg=0.076ms
    Run 2/3: iperf3 UDP 10Mbps...  tput=9.999Mbps jitter=0.7571ms loss=0.0%
    Run 2/3: iperf3 UDP 50Mbps...  tput=49.993Mbps jitter=0.1662ms loss=0.0%
    Run 2/3: iperf3 UDP 100Mbps...  tput=99.996Mbps jitter=0.0999ms loss=0.0%
    Run 2/3: iperf3 TCP...  28216.758 Mbps
    Run 3/3: ping...  loss=0.0% avg=0.078ms
    Run 3/3: iperf3 UDP 10Mbps...  tput=10.0Mbps jitter=0.8746ms loss=0.0%
    Run 3/3: iperf3 UDP 50Mbps...  tput=49.995Mbps jitter=0.0226ms loss=0.0%
    Run 3/3: iperf3 UDP 100Mbps...  tput=99.988Mbps jitter=0.0097ms loss=0.02%
    Run 3/3: iperf3 TCP...  28631.443 Mbps
  [OK] admin1→guest1 [inter-VLAN] @ 10Mbps: tput=10.00Mbps delay=0.085ms loss=0.0% jitter=0.8591ms
  [OK] admin1→guest1 [inter-VLAN] @ 50Mbps: tput=50.00Mbps delay=0.085ms loss=0.0% jitter=0.1158ms
  [OK] admin1→guest1 [inter-VLAN] @ 100Mbps: tput=99.99Mbps delay=0.085ms loss=0.0067% jitter=0.0477ms

  >>> Test: admin1→host1 [3tier→flat]
    Run 1/3: ping...  loss=0.0% avg=0.118ms
    Run 1/3: iperf3 UDP 10Mbps...  tput=9.999Mbps jitter=0.9776ms loss=0.0%
    Run 1/3: iperf3 UDP 50Mbps...  tput=49.994Mbps jitter=0.1477ms loss=0.0%
    Run 1/3: iperf3 UDP 100Mbps...  tput=99.976Mbps jitter=0.1786ms loss=0.0%
    Run 1/3: iperf3 TCP...  23731.646 Mbps
    Run 2/3: ping...  loss=0.0% avg=0.1ms
    Run 2/3: iperf3 UDP 10Mbps...  tput=9.999Mbps jitter=0.8625ms loss=0.0%
    Run 2/3: iperf3 UDP 50Mbps...  tput=49.995Mbps jitter=0.1334ms loss=0.0%
    Run 2/3: iperf3 UDP 100Mbps...  tput=99.988Mbps jitter=0.096ms loss=0.0%
    Run 2/3: iperf3 TCP...  24808.322 Mbps
    Run 3/3: ping...  loss=0.0% avg=0.104ms
    Run 3/3: iperf3 UDP 10Mbps...  tput=9.999Mbps jitter=0.9653ms loss=0.0%
    Run 3/3: iperf3 UDP 50Mbps...  tput=49.994Mbps jitter=0.0344ms loss=0.0%
    Run 3/3: iperf3 UDP 100Mbps...  tput=99.974Mbps jitter=0.1807ms loss=0.0%
    Run 3/3: iperf3 TCP...  24460.744 Mbps
  [OK] admin1→host1 [3tier→flat] @ 10Mbps: tput=10.00Mbps delay=0.1073ms loss=0.0% jitter=0.9351ms
  [OK] admin1→host1 [3tier→flat] @ 50Mbps: tput=49.99Mbps delay=0.1073ms loss=0.0% jitter=0.1052ms
  [OK] admin1→host1 [3tier→flat] @ 100Mbps: tput=99.98Mbps delay=0.1073ms loss=0.0% jitter=0.1518ms

  >>> Test: admin1→web1 [3tier→leafspine]
    Run 1/3: ping...  loss=0.0% avg=0.126ms
    Run 1/3: iperf3 UDP 10Mbps...  tput=9.999Mbps jitter=0.9505ms loss=0.0%
    Run 1/3: iperf3 UDP 50Mbps...  tput=49.998Mbps jitter=0.1946ms loss=0.0%
    Run 1/3: iperf3 UDP 100Mbps...  tput=99.987Mbps jitter=0.0935ms loss=0.0%
    Run 1/3: iperf3 TCP...  22070.106 Mbps
    Run 2/3: ping...  loss=0.0% avg=0.106ms
    Run 2/3: iperf3 UDP 10Mbps...  tput=9.998Mbps jitter=0.9324ms loss=0.0%
    Run 2/3: iperf3 UDP 50Mbps...  tput=49.995Mbps jitter=0.3074ms loss=0.0%
    Run 2/3: iperf3 UDP 100Mbps...  tput=99.994Mbps jitter=0.0956ms loss=0.0%
    Run 2/3: iperf3 TCP...  21901.283 Mbps
    Run 3/3: ping...  loss=0.0% avg=0.108ms
    Run 3/3: iperf3 UDP 10Mbps...  tput=9.999Mbps jitter=0.854ms loss=0.0%
    Run 3/3: iperf3 UDP 50Mbps...  tput=49.991Mbps jitter=0.2188ms loss=0.0%
    Run 3/3: iperf3 UDP 100Mbps...  tput=99.976Mbps jitter=0.2615ms loss=0.0%
    Run 3/3: iperf3 TCP...  22410.293 Mbps
  [OK] admin1→web1 [3tier→leafspine] @ 10Mbps: tput=10.00Mbps delay=0.1133ms loss=0.0% jitter=0.9123ms
  [OK] admin1→web1 [3tier→leafspine] @ 50Mbps: tput=49.99Mbps delay=0.1133ms loss=0.0% jitter=0.2403ms
  [OK] admin1→web1 [3tier→leafspine] @ 100Mbps: tput=99.99Mbps delay=0.1133ms loss=0.0% jitter=0.1502ms

============================================================
  SCENARIO: Leaf-Spine Network (Chi nhánh 3)
============================================================

  >>> Test: web1→web2 [same-leaf1]
    Run 1/3: ping...  loss=0.0% avg=0.067ms
    Run 1/3: iperf3 UDP 10Mbps...  tput=9.999Mbps jitter=0.7383ms loss=0.0%
    Run 1/3: iperf3 UDP 50Mbps...  tput=49.991Mbps jitter=0.1855ms loss=0.0%
    Run 1/3: iperf3 UDP 100Mbps...  tput=99.987Mbps jitter=0.0473ms loss=0.0%
    Run 1/3: iperf3 TCP...  53893.358 Mbps
    Run 2/3: ping...  loss=0.0% avg=0.047ms
    Run 2/3: iperf3 UDP 10Mbps...  tput=9.999Mbps jitter=0.824ms loss=0.0%
    Run 2/3: iperf3 UDP 50Mbps...  tput=49.994Mbps jitter=0.1104ms loss=0.0%
    Run 2/3: iperf3 UDP 100Mbps...  tput=99.988Mbps jitter=0.026ms loss=0.0%
    Run 2/3: iperf3 TCP...  47491.192 Mbps
    Run 3/3: ping...  loss=0.0% avg=0.047ms
    Run 3/3: iperf3 UDP 10Mbps...  tput=9.999Mbps jitter=0.7614ms loss=0.0%
    Run 3/3: iperf3 UDP 50Mbps...  tput=49.99Mbps jitter=0.1127ms loss=0.0%
    Run 3/3: iperf3 UDP 100Mbps...  tput=99.988Mbps jitter=0.0457ms loss=0.0%
    Run 3/3: iperf3 TCP...  46983.289 Mbps
  [OK] web1→web2 [same-leaf1] @ 10Mbps: tput=10.00Mbps delay=0.0537ms loss=0.0% jitter=0.7746ms
  [OK] web1→web2 [same-leaf1] @ 50Mbps: tput=49.99Mbps delay=0.0537ms loss=0.0% jitter=0.1362ms
  [OK] web1→web2 [same-leaf1] @ 100Mbps: tput=99.99Mbps delay=0.0537ms loss=0.0% jitter=0.0397ms

  >>> Test: web1→dns1 [leaf1→leaf2, 2hop]
    Run 1/3: ping...  loss=0.0% avg=0.076ms
    Run 1/3: iperf3 UDP 10Mbps...  tput=9.999Mbps jitter=0.785ms loss=0.0%
    Run 1/3: iperf3 UDP 50Mbps...  tput=49.995Mbps jitter=0.139ms loss=0.0%
    Run 1/3: iperf3 UDP 100Mbps...  tput=99.973Mbps jitter=0.1357ms loss=0.0%
    Run 1/3: iperf3 TCP...  31366.197 Mbps
    Run 2/3: ping...  loss=0.0% avg=0.07ms
    Run 2/3: iperf3 UDP 10Mbps...  tput=9.999Mbps jitter=0.4407ms loss=0.0%
    Run 2/3: iperf3 UDP 50Mbps...  tput=49.994Mbps jitter=0.0067ms loss=0.0%
    Run 2/3: iperf3 UDP 100Mbps...  tput=99.987Mbps jitter=0.1345ms loss=0.21%
    Run 2/3: iperf3 TCP...  30413.548 Mbps
    Run 3/3: ping...  loss=0.0% avg=0.068ms
    Run 3/3: iperf3 UDP 10Mbps...  tput=9.999Mbps jitter=0.9312ms loss=0.0%
    Run 3/3: iperf3 UDP 50Mbps...  tput=49.992Mbps jitter=0.0055ms loss=0.0%
    Run 3/3: iperf3 UDP 100Mbps...  tput=99.988Mbps jitter=0.0583ms loss=0.0%
    Run 3/3: iperf3 TCP...  29752.505 Mbps
  [OK] web1→dns1 [leaf1→leaf2, 2hop] @ 10Mbps: tput=10.00Mbps delay=0.0713ms loss=0.0% jitter=0.719ms
  [OK] web1→dns1 [leaf1→leaf2, 2hop] @ 50Mbps: tput=49.99Mbps delay=0.0713ms loss=0.0% jitter=0.0504ms
  [OK] web1→dns1 [leaf1→leaf2, 2hop] @ 100Mbps: tput=99.98Mbps delay=0.0713ms loss=0.07% jitter=0.1095ms

  >>> Test: web1→db1 [leaf1→leaf3, 2hop]
    Run 1/3: ping...  loss=0.0% avg=0.087ms
    Run 1/3: iperf3 UDP 10Mbps...  tput=9.999Mbps jitter=0.905ms loss=0.0%
    Run 1/3: iperf3 UDP 50Mbps...  tput=49.994Mbps jitter=0.1638ms loss=0.0%
    Run 1/3: iperf3 UDP 100Mbps...  tput=99.995Mbps jitter=0.103ms loss=0.0%
    Run 1/3: iperf3 TCP...  27489.661 Mbps
    Run 2/3: ping...  loss=0.0% avg=0.073ms
    Run 2/3: iperf3 UDP 10Mbps...  tput=10.0Mbps jitter=1.0015ms loss=0.0%
    Run 2/3: iperf3 UDP 50Mbps...  tput=49.994Mbps jitter=0.0045ms loss=0.0%
    Run 2/3: iperf3 UDP 100Mbps...  tput=99.976Mbps jitter=0.0853ms loss=0.0%
    Run 2/3: iperf3 TCP...  27775.964 Mbps
    Run 3/3: ping...  loss=0.0% avg=0.07ms
    Run 3/3: iperf3 UDP 10Mbps...  tput=9.998Mbps jitter=1.0422ms loss=0.0%
    Run 3/3: iperf3 UDP 50Mbps...  tput=49.987Mbps jitter=0.2885ms loss=0.0%
    Run 3/3: iperf3 UDP 100Mbps...  tput=99.988Mbps jitter=0.0555ms loss=0.0%
    Run 3/3: iperf3 TCP...  27359.844 Mbps
  [OK] web1→db1 [leaf1→leaf3, 2hop] @ 10Mbps: tput=10.00Mbps delay=0.0767ms loss=0.0% jitter=0.9829ms
  [OK] web1→db1 [leaf1→leaf3, 2hop] @ 50Mbps: tput=49.99Mbps delay=0.0767ms loss=0.0% jitter=0.1523ms
  [OK] web1→db1 [leaf1→leaf3, 2hop] @ 100Mbps: tput=99.99Mbps delay=0.0767ms loss=0.0% jitter=0.0813ms

  >>> Test: web1→host1 [leafspine→flat]
    Run 1/3: ping...  loss=0.0% avg=0.118ms
    Run 1/3: iperf3 UDP 10Mbps...  tput=9.999Mbps jitter=1.0114ms loss=0.0%
    Run 1/3: iperf3 UDP 50Mbps...  tput=49.994Mbps jitter=0.1879ms loss=0.0%
    Run 1/3: iperf3 UDP 100Mbps...  tput=99.989Mbps jitter=0.0997ms loss=0.08%
    Run 1/3: iperf3 TCP...  21973.44 Mbps
    Run 2/3: ping...  loss=0.0% avg=0.106ms
    Run 2/3: iperf3 UDP 10Mbps...  tput=9.999Mbps jitter=0.8923ms loss=0.0%
    Run 2/3: iperf3 UDP 50Mbps...  tput=49.995Mbps jitter=0.0407ms loss=0.0%
    Run 2/3: iperf3 UDP 100Mbps...  tput=99.984Mbps jitter=0.1005ms loss=0.0%
    Run 2/3: iperf3 TCP...  22246.312 Mbps
    Run 3/3: ping...  loss=0.0% avg=0.107ms
    Run 3/3: iperf3 UDP 10Mbps...  tput=10.0Mbps jitter=0.949ms loss=0.0%
    Run 3/3: iperf3 UDP 50Mbps...  tput=49.994Mbps jitter=0.2519ms loss=0.0%
    Run 3/3: iperf3 UDP 100Mbps...  tput=99.988Mbps jitter=0.106ms loss=0.0%
    Run 3/3: iperf3 TCP...  22096.162 Mbps
  [OK] web1→host1 [leafspine→flat] @ 10Mbps: tput=10.00Mbps delay=0.1103ms loss=0.0% jitter=0.9509ms
  [OK] web1→host1 [leafspine→flat] @ 50Mbps: tput=49.99Mbps delay=0.1103ms loss=0.0% jitter=0.1602ms
  [OK] web1→host1 [leafspine→flat] @ 100Mbps: tput=99.99Mbps delay=0.1103ms loss=0.0267% jitter=0.1021ms

  >>> Test: web1→admin1 [leafspine→3tier]
    Run 1/3: ping...  loss=0.0% avg=0.125ms
    Run 1/3: iperf3 UDP 10Mbps...  tput=9.998Mbps jitter=0.815ms loss=0.0%
    Run 1/3: iperf3 UDP 50Mbps...  tput=49.995Mbps jitter=0.1829ms loss=0.0%
    Run 1/3: iperf3 UDP 100Mbps...  tput=99.982Mbps jitter=0.1401ms loss=0.29%
    Run 1/3: iperf3 TCP...  22317.956 Mbps
    Run 2/3: ping...  loss=0.0% avg=0.111ms
    Run 2/3: iperf3 UDP 10Mbps...  tput=9.999Mbps jitter=0.8128ms loss=0.0%
    Run 2/3: iperf3 UDP 50Mbps...  tput=49.995Mbps jitter=0.0282ms loss=0.0%
    Run 2/3: iperf3 UDP 100Mbps...  tput=99.992Mbps jitter=0.0209ms loss=0.0%
    Run 2/3: iperf3 TCP...  22066.53 Mbps
    Run 3/3: ping...  loss=0.0% avg=0.107ms
    Run 3/3: iperf3 UDP 10Mbps...  tput=9.999Mbps jitter=0.929ms loss=0.0%
    Run 3/3: iperf3 UDP 50Mbps...  tput=49.989Mbps jitter=0.3832ms loss=0.0%
    Run 3/3: iperf3 UDP 100Mbps...  tput=99.996Mbps jitter=0.1136ms loss=0.0%
    Run 3/3: iperf3 TCP...  22242.438 Mbps
  [OK] web1→admin1 [leafspine→3tier] @ 10Mbps: tput=10.00Mbps delay=0.1143ms loss=0.0% jitter=0.8523ms
  [OK] web1→admin1 [leafspine→3tier] @ 50Mbps: tput=49.99Mbps delay=0.1143ms loss=0.0% jitter=0.1981ms
  [OK] web1→admin1 [leafspine→3tier] @ 100Mbps: tput=99.99Mbps delay=0.1143ms loss=0.0967% jitter=0.0915ms
*** Stopping 0 controllers

*** Stopping 53 links
.....................................................
*** Stopping 13 switches
acc1 acc2 acc3 core1 core2 dist1 dist2 leaf1 leaf2 leaf3 s_acc1 spine1 spine2 
*** Stopping 29 hosts
admin1 admin2 ce1 ce1_lan ce2 ce2_lan ce3 ce3_lan db1 db2 dns1 dns2 guest1 guest2 host1 host2 host3 host4 lab1 lab2 p1 p2 p3 p4 pe1 pe2 pe3 web1 web2 
*** Done

============================================================
  ĐO XONG! Kết quả đã lưu:
    CSV    : /home/nguyentanmanh/TKMCK/results/csv/results_20260418_010018.csv
    Raw log: /home/nguyentanmanh/TKMCK/results/raw/all_20260418_010018/
  Tổng số record: 42
============================================================

  Bước tiếp theo: python3 scripts/plot_results.py --csv /home/nguyentanmanh/TKMCK/results/csv/results_20260418_010018.csv
